components/Documentation.tsx(98,100): error TS1382: Unexpected token. Did you mean `{'>'}` or `&gt;`?
